{
  "results": [
    {
      "metadata": {
        "id": "unknown",
        "additionalInfo": null
      },
      "summary": {
        "CRITICAL": 1,
        "HIGH": 1,
        "LOW": 0,
        "MEDIUM": 0,
        "TOTAL": 2
      },
      "violatedPolicies": [
        {
          "name": "Log4Shell: log4j Remote Code Execution vulnerability",
          "severity": "CRITICAL",
          "description": "Alert on deployments with images containing the Log4Shell vulnerabilities (CVE-2021-44228 and CVE-2021-45046). There are flaws in the Java logging library Apache Log4j in versions from 2.0-beta9 to 2.15.0, excluding 2.12.2.",
          "violation": [
            "log4j-core version 2.14.1 contains CVE-2021-44228 (CRITICAL), fixed in 2.17.1",
            "log4j-core version 2.14.1 contains CVE-2021-45046 (CRITICAL), fixed in 2.17.1"
          ],
          "remediation": "Update the log4j libary to version 2.16.0 (for Java 8 or later), 2.12.2 (for Java 7) or later. If not possible to upgrade, then remove the JndiLookup class from the classpath: zip -q -d log4j-core-*.jar org/apache/logging/log4j/core/lookup/JndiLookup.class",
          "failingCheck": false
        },
        {
          "name": "Fixable Severity at least Important",
          "severity": "HIGH",
          "description": "Alert on deployments with fixable vulnerabilities with a Severity Rating at least Important",
          "violation": [
            "log4j-core version 2.14.1 contains CVE-2021-44228 (CRITICAL), fixed in 2.17.1",
            "log4j-core version 2.14.1 contains CVE-2021-45046 (CRITICAL), fixed in 2.17.1"
          ],
          "remediation": "Use your package manager to update to a fixed version in future builds or speak with your security team to mitigate the vulnerabilities.",
          "failingCheck": true
        }
      ]
    }
  ],
  "summary": {
    "CRITICAL": 1,
    "HIGH": 1,
    "LOW": 0,
    "MEDIUM": 0,
    "TOTAL": 2
  }
}
