{
  "spdxVersion": "SPDX-2.3",
  "dataLicense": "CC0-1.0",
  "SPDXID": "SPDXRef-DOCUMENT",
  "name": "registry.example.test/payments:v1.8.3",
  "documentNamespace": "https://training.example.test/sbom/sha256/93236ef303d53602bdd15823487a930e4366301acaf2b9a3132292476d063d38",
  "creationInfo": {
    "created": "2026-10-08T00:00:00Z",
    "creators": [
      "Tool: roxctl-4.11.3"
    ]
  },
  "packages": [
    {
      "SPDXID": "SPDXRef-Package-0",
      "name": "log4j-core",
      "versionInfo": "2.17.1",
      "downloadLocation": "NOASSERTION",
      "filesAnalyzed": false,
      "licenseConcluded": "NOASSERTION",
      "licenseDeclared": "NOASSERTION",
      "copyrightText": "NOASSERTION",
      "externalRefs": [
        {
          "referenceCategory": "PACKAGE-MANAGER",
          "referenceType": "purl",
          "referenceLocator": "pkg:maven/org.apache.logging.log4j/log4j-core@2.17.1"
        }
      ]
    }
  ],
  "relationships": [
    {
      "spdxElementId": "SPDXRef-DOCUMENT",
      "relationshipType": "DESCRIBES",
      "relatedSpdxElement": "SPDXRef-Package-0"
    }
  ]
}
